// Jest Snapshot v1, https://goo.gl/fbAQLP

exports[`App render should return ResponsiveNavBar, TodosContainer and TasksContainer 1`] = `
<div
  className="app"
>
  <ResponsiveNavBar />
  <div
    className="sideBar"
    id="sideBar"
  >
    <Connect(TodosContainer) />
  </div>
  <div
    className="main"
  >
    <Connect(TasksContainer) />
  </div>
</div>
`;
